---
source: crates/lowering/tests/lowering.rs
expression: lowered_code

---
contract Foo:
    pub fn bar() -> u256:
        if true:
            return 3 * 10
        else true:
            return 10


    pub fn baz() -> u256:
        return 3 * 3

    pub fn return_unit() -> ():
        return ()
