---
source: crates/tests/src/features.rs
expression: "format!(\"{}\", factory_harness.gas_reporter)"

---
create_foo([]) used 45044 gas

