---
source: crates/yulgen/tests/yulgen.rs
expression: "abi_functions::decode_component_bool(AbiDecodeLocation::Memory)"

---
function abi_decode_component_bool_mem(head_start, offset) -> return_val {
    let ptr := add(head_start, offset)
    return_val := mload(ptr)
}
