---
source: crates/yulgen/tests/yulgen.rs
expression: "abi_functions::decode_component_static_array(&AbiType::Address, 42,\n                                             AbiDecodeLocation::Calldata)"

---
function abi_decode_component_static_array_42_address_calldata(head_start, offset) -> return_val {
    let ptr := add(head_start, offset)
    return_val := avail()
    for { let i := 0 } lt(i, 42) { i := add(i, 1) } {
        let inner_offset := add(offset, mul(i, 32))
        let decoded_val := abi_decode_component_address_calldata(head_start, inner_offset)
        pop(alloc_mstoren(decoded_val, 32))
    }
}
