---
source: crates/analyzer/tests/analysis.rs
expression: "build_snapshot(\"features/while_loop_with_break_2.fe\", &src, module, &db)"

---
note: 
  ┌─ features/while_loop_with_break_2.fe:2:5
  │  
2 │ ╭     pub fn bar() -> u256:
3 │ │         let val: u256 = 0
4 │ │         while val < 2:
5 │ │             val = val + 1
6 │ │             if val == 1:
7 │ │                 break
8 │ │         return val
  │ ╰──────────────────^ attributes hash: 17979516652885443340
  │  
  = FunctionSignature {
        self_decl: None,
        params: [],
        return_type: Ok(
            Base(
                Numeric(
                    U256,
                ),
            ),
        ),
    }

note: 
  ┌─ features/while_loop_with_break_2.fe:3:25
  │
3 │         let val: u256 = 0
  │                         ^ u256: Value => None

note: 
  ┌─ features/while_loop_with_break_2.fe:4:15
  │
4 │         while val < 2:
  │               ^^^ u256: Value => None

note: 
  ┌─ features/while_loop_with_break_2.fe:4:21
  │
4 │         while val < 2:
  │                     ^ u256: Value => None

note: 
  ┌─ features/while_loop_with_break_2.fe:4:15
  │
4 │         while val < 2:
  │               ^^^^^^^ bool: Value => None

note: 
  ┌─ features/while_loop_with_break_2.fe:5:13
  │
5 │             val = val + 1
  │             ^^^ u256: Value => None

note: 
  ┌─ features/while_loop_with_break_2.fe:5:19
  │
5 │             val = val + 1
  │                   ^^^ u256: Value => None

note: 
  ┌─ features/while_loop_with_break_2.fe:5:25
  │
5 │             val = val + 1
  │                         ^ u256: Value => None

note: 
  ┌─ features/while_loop_with_break_2.fe:5:19
  │
5 │             val = val + 1
  │                   ^^^^^^^ u256: Value => None

note: 
  ┌─ features/while_loop_with_break_2.fe:6:16
  │
6 │             if val == 1:
  │                ^^^ u256: Value => None

note: 
  ┌─ features/while_loop_with_break_2.fe:6:23
  │
6 │             if val == 1:
  │                       ^ u256: Value => None

note: 
  ┌─ features/while_loop_with_break_2.fe:6:16
  │
6 │             if val == 1:
  │                ^^^^^^^^ bool: Value => None

note: 
  ┌─ features/while_loop_with_break_2.fe:8:16
  │
8 │         return val
  │                ^^^ u256: Value => None

note: 
  ┌─ features/while_loop_with_break_2.fe:3:18
  │
3 │         let val: u256 = 0
  │                  ^^^^ u256


