---
source: crates/analyzer/tests/analysis.rs
expression: "build_snapshot(\"features/ternary_expression.fe\", &src, module, &db)"

---
note: 
  ┌─ features/ternary_expression.fe:3:5
  │  
3 │ ╭     pub fn bar(input: u256) -> u256:
4 │ │         return 1 if input > 5 else 0
  │ ╰────────────────────────────────────^ attributes hash: 16591277757740338966
  │  
  = FunctionSignature {
        self_decl: None,
        params: [
            FunctionParam {
                name: "input",
                typ: Ok(
                    Base(
                        Numeric(
                            U256,
                        ),
                    ),
                ),
            },
        ],
        return_type: Ok(
            Base(
                Numeric(
                    U256,
                ),
            ),
        ),
    }

note: 
  ┌─ features/ternary_expression.fe:4:21
  │
4 │         return 1 if input > 5 else 0
  │                     ^^^^^   ^ u256: Value => None
  │                     │        
  │                     u256: Value => None

note: 
  ┌─ features/ternary_expression.fe:4:16
  │
4 │         return 1 if input > 5 else 0
  │                ^    ^^^^^^^^^      ^ u256: Value => None
  │                │    │               
  │                │    bool: Value => None
  │                u256: Value => None

note: 
  ┌─ features/ternary_expression.fe:4:16
  │
4 │         return 1 if input > 5 else 0
  │                ^^^^^^^^^^^^^^^^^^^^^ u256: Value => None


