---
source: crates/analyzer/tests/analysis.rs
expression: "build_snapshot(\"features/u64_u64_map.fe\", &src, module, &db)"

---
note: 
  ┌─ features/u64_u64_map.fe:2:5
  │
2 │     bar: Map<u64, u64>
  │     ^^^^^^^^^^^^^^^^^^ Map<u64, u64>

note: 
  ┌─ features/u64_u64_map.fe:4:5
  │  
4 │ ╭     pub fn read_bar(self, key: u64) -> u64:
5 │ │         return self.bar[key]
  │ ╰────────────────────────────^ attributes hash: 17303700247191832614
  │  
  = FunctionSignature {
        self_decl: Mutable,
        params: [
            FunctionParam {
                name: "key",
                typ: Ok(
                    Base(
                        Numeric(
                            U64,
                        ),
                    ),
                ),
            },
        ],
        return_type: Ok(
            Base(
                Numeric(
                    U64,
                ),
            ),
        ),
    }

note: 
  ┌─ features/u64_u64_map.fe:7:5
  │  
7 │ ╭     pub fn write_bar(self, key: u64, value: u64):
8 │ │         self.bar[key] = value
  │ ╰─────────────────────────────^ attributes hash: 1768718553543894917
  │  
  = FunctionSignature {
        self_decl: Mutable,
        params: [
            FunctionParam {
                name: "key",
                typ: Ok(
                    Base(
                        Numeric(
                            U64,
                        ),
                    ),
                ),
            },
            FunctionParam {
                name: "value",
                typ: Ok(
                    Base(
                        Numeric(
                            U64,
                        ),
                    ),
                ),
            },
        ],
        return_type: Ok(
            Base(
                Unit,
            ),
        ),
    }

note: 
  ┌─ features/u64_u64_map.fe:5:16
  │
5 │         return self.bar[key]
  │                ^^^^^^^^ Map<u64, u64>: Storage { nonce: Some(0) } => None

note: 
  ┌─ features/u64_u64_map.fe:5:25
  │
5 │         return self.bar[key]
  │                         ^^^ u64: Value => None

note: 
  ┌─ features/u64_u64_map.fe:5:16
  │
5 │         return self.bar[key]
  │                ^^^^^^^^^^^^^ u64: Storage { nonce: None } => Some(Value)

note: 
  ┌─ features/u64_u64_map.fe:8:9
  │
8 │         self.bar[key] = value
  │         ^^^^^^^^ Map<u64, u64>: Storage { nonce: Some(0) } => None

note: 
  ┌─ features/u64_u64_map.fe:8:18
  │
8 │         self.bar[key] = value
  │                  ^^^ u64: Value => None

note: 
  ┌─ features/u64_u64_map.fe:8:9
  │
8 │         self.bar[key] = value
  │         ^^^^^^^^^^^^^ u64: Storage { nonce: None } => None

note: 
  ┌─ features/u64_u64_map.fe:8:25
  │
8 │         self.bar[key] = value
  │                         ^^^^^ u64: Value => None


