---
source: crates/analyzer/tests/analysis.rs
expression: "build_snapshot(\"features/return_unit.fe\", &src, module, &db)"

---
note: 
  ┌─ features/return_unit.fe:3:3
  │  
3 │ ╭   pub fn explicit_return_a1():
4 │ │     return
  │ ╰──────────^ attributes hash: 17883060253504188551
  │  
  = FunctionSignature {
        params: [],
        return_type: Ok(
            Base(
                Unit,
            ),
        ),
    }

note: 
  ┌─ features/return_unit.fe:6:3
  │  
6 │ ╭   pub fn explicit_return_a2():
7 │ │     return ()
  │ ╰─────────────^ attributes hash: 17883060253504188551
  │  
  = FunctionSignature {
        params: [],
        return_type: Ok(
            Base(
                Unit,
            ),
        ),
    }

note: 
   ┌─ features/return_unit.fe:9:3
   │  
 9 │ ╭   pub fn explicit_return_b1() -> ():
10 │ │     return
   │ ╰──────────^ attributes hash: 17883060253504188551
   │  
   = FunctionSignature {
         params: [],
         return_type: Ok(
             Base(
                 Unit,
             ),
         ),
     }

note: 
   ┌─ features/return_unit.fe:12:3
   │  
12 │ ╭   pub fn explicit_return_b2() -> ():
13 │ │     return ()
   │ ╰─────────────^ attributes hash: 17883060253504188551
   │  
   = FunctionSignature {
         params: [],
         return_type: Ok(
             Base(
                 Unit,
             ),
         ),
     }

note: 
   ┌─ features/return_unit.fe:15:3
   │  
15 │ ╭   pub fn implicit_a1():
16 │ │     pass
   │ ╰────────^ attributes hash: 17883060253504188551
   │  
   = FunctionSignature {
         params: [],
         return_type: Ok(
             Base(
                 Unit,
             ),
         ),
     }

note: 
   ┌─ features/return_unit.fe:18:3
   │  
18 │ ╭   pub fn implicit_a2() -> ():
19 │ │     pass
   │ ╰────────^ attributes hash: 17883060253504188551
   │  
   = FunctionSignature {
         params: [],
         return_type: Ok(
             Base(
                 Unit,
             ),
         ),
     }

note: 
  ┌─ features/return_unit.fe:7:12
  │
7 │     return ()
  │            ^^ (): Value => None

note: 
   ┌─ features/return_unit.fe:13:12
   │
13 │     return ()
   │            ^^ (): Value => None


