---
source: crates/analyzer/tests/analysis.rs
expression: "build_snapshot(\"features/if_statement.fe\", &src, module, &db)"

---
note: 
  ┌─ features/if_statement.fe:3:5
  │  
3 │ ╭     pub fn bar(input: u256) -> u256:
4 │ │         if input > 5:
5 │ │             return 1
6 │ │         else:
7 │ │             return 0
  │ ╰────────────────────^ attributes hash: 16591277757740338966
  │  
  = FunctionSignature {
        self_decl: None,
        params: [
            FunctionParam {
                name: "input",
                typ: Ok(
                    Base(
                        Numeric(
                            U256,
                        ),
                    ),
                ),
            },
        ],
        return_type: Ok(
            Base(
                Numeric(
                    U256,
                ),
            ),
        ),
    }

note: 
  ┌─ features/if_statement.fe:4:12
  │
4 │         if input > 5:
  │            ^^^^^ u256: Value => None

note: 
  ┌─ features/if_statement.fe:4:20
  │
4 │         if input > 5:
  │                    ^ u256: Value => None

note: 
  ┌─ features/if_statement.fe:4:12
  │
4 │         if input > 5:
  │            ^^^^^^^^^ bool: Value => None

note: 
  ┌─ features/if_statement.fe:5:20
  │
5 │             return 1
  │                    ^ u256: Value => None

note: 
  ┌─ features/if_statement.fe:7:20
  │
7 │             return 0
  │                    ^ u256: Value => None


