---
source: crates/analyzer/tests/analysis.rs
expression: "build_snapshot(\"features/return_i256.fe\", &src, module, &db)"

---
note: 
  ┌─ features/return_i256.fe:2:5
  │  
2 │ ╭     pub fn bar() -> i256:
3 │ │         return -3
  │ ╰─────────────────^ attributes hash: 8698921636126413081
  │  
  = FunctionSignature {
        self_decl: None,
        params: [],
        return_type: Ok(
            Base(
                Numeric(
                    I256,
                ),
            ),
        ),
    }

note: 
  ┌─ features/return_i256.fe:3:17
  │
3 │         return -3
  │                 ^ u256: Value => None

note: 
  ┌─ features/return_i256.fe:3:16
  │
3 │         return -3
  │                ^^ i256: Value => None


