---
source: crates/analyzer/tests/analysis.rs
expression: snapshot

---
note: 
  ┌─ ingots/basic_ingot/src/ding/dang.fe:1:1
  │
1 │ type Dang = Array<u256, 42>
  │ ^^^^^^^^^^^^^^^^^^^^^^^^^^^ Array<u256, 42>


note: 
  ┌─ ingots/basic_ingot/src/ding/dong.fe:2:3
  │
2 │   my_address: address
  │   ^^^^^^^^^^^^^^^^^^^ address
3 │   my_u256: u256
  │   ^^^^^^^^^^^^^ u256
4 │   my_i8: i8
  │   ^^^^^^^^^ i8


note: 
  ┌─ ingots/basic_ingot/src/bar/baz.fe:2:5
  │
2 │     my_bool: bool
  │     ^^^^^^^^^^^^^ bool
3 │     my_u256: u256
  │     ^^^^^^^^^^^^^ u256


note: 
  ┌─ ingots/basic_ingot/src/bing.fe:2:5
  │
2 │     my_address: address
  │     ^^^^^^^^^^^^^^^^^^^ address

note: 
  ┌─ ingots/basic_ingot/src/bing.fe:4:1
  │  
4 │ ╭ fn get_42_backend() -> u256:
5 │ │     return 42
  │ ╰─────────────^ attributes hash: 17979516652885443340
  │  
  = FunctionSignature {
        self_decl: None,
        params: [],
        return_type: Ok(
            Base(
                Numeric(
                    U256,
                ),
            ),
        ),
    }

note: 
  ┌─ ingots/basic_ingot/src/bing.fe:5:12
  │
5 │     return 42
  │            ^^ u256: Value

note: 
  ┌─ ingots/basic_ingot/src/bing.fe:8:4
  │  
8 │ ╭    pub fn add(x: u256, y: u256) -> u256:
9 │ │        return x + y
  │ ╰───────────────────^ attributes hash: 4022593831796629401
  │  
  = FunctionSignature {
        self_decl: None,
        params: [
            FunctionParam {
                name: "x",
                typ: Ok(
                    Base(
                        Numeric(
                            U256,
                        ),
                    ),
                ),
            },
            FunctionParam {
                name: "y",
                typ: Ok(
                    Base(
                        Numeric(
                            U256,
                        ),
                    ),
                ),
            },
        ],
        return_type: Ok(
            Base(
                Numeric(
                    U256,
                ),
            ),
        ),
    }

note: 
  ┌─ ingots/basic_ingot/src/bing.fe:9:15
  │
9 │        return x + y
  │               ^   ^ u256: Value
  │               │    
  │               u256: Value

note: 
  ┌─ ingots/basic_ingot/src/bing.fe:9:15
  │
9 │        return x + y
  │               ^^^^^ u256: Value


note: 
   ┌─ ingots/basic_ingot/src/main.fe:9:5
   │  
 9 │ ╭     pub fn get_my_baz() -> Baz:
10 │ │         return Baz(my_bool=true, my_u256=26)
   │ ╰────────────────────────────────────────────^ attributes hash: 12775921899186886669
   │  
   = FunctionSignature {
         self_decl: None,
         params: [],
         return_type: Ok(
             Struct(
                 Struct {
                     name: "Baz",
                     id: StructId(
                         1,
                     ),
                     field_count: 2,
                 },
             ),
         ),
     }

note: 
   ┌─ ingots/basic_ingot/src/main.fe:10:28
   │
10 │         return Baz(my_bool=true, my_u256=26)
   │                            ^^^^          ^^ u256: Value
   │                            │              
   │                            bool: Value

note: 
   ┌─ ingots/basic_ingot/src/main.fe:10:16
   │
10 │         return Baz(my_bool=true, my_u256=26)
   │                ^^^^^^^^^^^^^^^^^^^^^^^^^^^^^ Baz: Memory

note: 
   ┌─ ingots/basic_ingot/src/main.fe:10:16
   │
10 │         return Baz(my_bool=true, my_u256=26)
   │                ^^^ TypeConstructor(Struct(Struct { name: "Baz", id: StructId(1), field_count: 2 }))

note: 
   ┌─ ingots/basic_ingot/src/main.fe:12:5
   │  
12 │ ╭     pub fn get_my_bing() -> Bong:
13 │ │         return Bong(my_address=address(42))
   │ ╰───────────────────────────────────────────^ attributes hash: 9604670028259107253
   │  
   = FunctionSignature {
         self_decl: None,
         params: [],
         return_type: Ok(
             Struct(
                 Struct {
                     name: "Bing",
                     id: StructId(
                         2,
                     ),
                     field_count: 1,
                 },
             ),
         ),
     }

note: 
   ┌─ ingots/basic_ingot/src/main.fe:13:40
   │
13 │         return Bong(my_address=address(42))
   │                                        ^^ u256: Value

note: 
   ┌─ ingots/basic_ingot/src/main.fe:13:32
   │
13 │         return Bong(my_address=address(42))
   │                                ^^^^^^^^^^^ address: Value

note: 
   ┌─ ingots/basic_ingot/src/main.fe:13:16
   │
13 │         return Bong(my_address=address(42))
   │                ^^^^^^^^^^^^^^^^^^^^^^^^^^^^ Bing: Memory

note: 
   ┌─ ingots/basic_ingot/src/main.fe:13:32
   │
13 │         return Bong(my_address=address(42))
   │                                ^^^^^^^ TypeConstructor(Base(Address))

note: 
   ┌─ ingots/basic_ingot/src/main.fe:13:16
   │
13 │         return Bong(my_address=address(42))
   │                ^^^^ TypeConstructor(Struct(Struct { name: "Bing", id: StructId(2), field_count: 1 }))

note: 
   ┌─ ingots/basic_ingot/src/main.fe:15:5
   │  
15 │ ╭     pub fn get_42() -> u256:
16 │ │         return get_42_backend()
   │ ╰───────────────────────────────^ attributes hash: 17979516652885443340
   │  
   = FunctionSignature {
         self_decl: None,
         params: [],
         return_type: Ok(
             Base(
                 Numeric(
                     U256,
                 ),
             ),
         ),
     }

note: 
   ┌─ ingots/basic_ingot/src/main.fe:16:16
   │
16 │         return get_42_backend()
   │                ^^^^^^^^^^^^^^^^ u256: Value

note: 
   ┌─ ingots/basic_ingot/src/main.fe:16:16
   │
16 │         return get_42_backend()
   │                ^^^^^^^^^^^^^^ Pure(FunctionId(0))

note: 
   ┌─ ingots/basic_ingot/src/main.fe:18:5
   │  
18 │ ╭     pub fn get_my_dyng() -> dong::Dyng:
19 │ │         return dong::Dyng(
20 │ │             my_address=address(8),
21 │ │             my_u256=42,
22 │ │             my_i8=-1
23 │ │         )
   │ ╰─────────^ attributes hash: 12523642377619379671
   │  
   = FunctionSignature {
         self_decl: None,
         params: [],
         return_type: Ok(
             Struct(
                 Struct {
                     name: "Dyng",
                     id: StructId(
                         0,
                     ),
                     field_count: 3,
                 },
             ),
         ),
     }

note: 
   ┌─ ingots/basic_ingot/src/main.fe:20:32
   │
20 │             my_address=address(8),
   │                                ^ u256: Value

note: 
   ┌─ ingots/basic_ingot/src/main.fe:20:24
   │
20 │             my_address=address(8),
   │                        ^^^^^^^^^^ address: Value
21 │             my_u256=42,
   │                     ^^ u256: Value
22 │             my_i8=-1
   │                    ^ u256: Value

note: 
   ┌─ ingots/basic_ingot/src/main.fe:22:19
   │
22 │             my_i8=-1
   │                   ^^ i8: Value

note: 
   ┌─ ingots/basic_ingot/src/main.fe:19:16
   │  
19 │           return dong::Dyng(
   │ ╭────────────────^
20 │ │             my_address=address(8),
21 │ │             my_u256=42,
22 │ │             my_i8=-1
23 │ │         )
   │ ╰─────────^ Dyng: Memory

note: 
   ┌─ ingots/basic_ingot/src/main.fe:20:24
   │
20 │             my_address=address(8),
   │                        ^^^^^^^ TypeConstructor(Base(Address))

note: 
   ┌─ ingots/basic_ingot/src/main.fe:19:16
   │
19 │         return dong::Dyng(
   │                ^^^^^^^^^^ TypeConstructor(Struct(Struct { name: "Dyng", id: StructId(0), field_count: 3 }))

note: 
   ┌─ ingots/basic_ingot/src/main.fe:25:5
   │  
25 │ ╭     pub fn create_bing_contract() -> u256:
26 │ │         let bing: BingContract = BingContract.create(0)
27 │ │         return bing.add(40, 50)
   │ ╰───────────────────────────────^ attributes hash: 17979516652885443340
   │  
   = FunctionSignature {
         self_decl: None,
         params: [],
         return_type: Ok(
             Base(
                 Numeric(
                     U256,
                 ),
             ),
         ),
     }

note: 
   ┌─ ingots/basic_ingot/src/main.fe:26:19
   │
26 │         let bing: BingContract = BingContract.create(0)
   │                   ^^^^^^^^^^^^ BingContract

note: 
   ┌─ ingots/basic_ingot/src/main.fe:26:54
   │
26 │         let bing: BingContract = BingContract.create(0)
   │                                                      ^ u256: Value

note: 
   ┌─ ingots/basic_ingot/src/main.fe:26:34
   │
26 │         let bing: BingContract = BingContract.create(0)
   │                                  ^^^^^^^^^^^^^^^^^^^^^^ BingContract: Value
27 │         return bing.add(40, 50)
   │                ^^^^     ^^  ^^ u256: Value
   │                │        │    
   │                │        u256: Value
   │                BingContract: Value

note: 
   ┌─ ingots/basic_ingot/src/main.fe:27:16
   │
27 │         return bing.add(40, 50)
   │                ^^^^^^^^^^^^^^^^ u256: Value

note: 
   ┌─ ingots/basic_ingot/src/main.fe:26:34
   │
26 │         let bing: BingContract = BingContract.create(0)
   │                                  ^^^^^^^^^^^^^^^^^^^ BuiltinAssociatedFunction { contract: ContractId(0), function: Create }
27 │         return bing.add(40, 50)
   │                ^^^^^^^^ External { contract: ContractId(0), function: FunctionId(1) }





