---
source: crates/analyzer/tests/analysis.rs
expression: "build_snapshot(\"features/create_contract.fe\", &src, module, &db)"

---
note: 
  ┌─ features/create_contract.fe:2:5
  │  
2 │ ╭     pub fn get_my_num() -> u256:
3 │ │         return 42
  │ ╰─────────────────^ attributes hash: 17979516652885443340
  │  
  = FunctionSignature {
        self_decl: None,
        params: [],
        return_type: Ok(
            Base(
                Numeric(
                    U256,
                ),
            ),
        ),
    }

note: 
  ┌─ features/create_contract.fe:6:5
  │  
6 │ ╭     pub fn create_foo() -> address:
7 │ │         let foo: Foo = Foo.create(0)
8 │ │         return address(foo)
  │ ╰───────────────────────────^ attributes hash: 14219262914863437447
  │  
  = FunctionSignature {
        self_decl: None,
        params: [],
        return_type: Ok(
            Base(
                Address,
            ),
        ),
    }

note: 
  ┌─ features/create_contract.fe:3:16
  │
3 │         return 42
  │                ^^ u256: Value => None

note: 
  ┌─ features/create_contract.fe:7:35
  │
7 │         let foo: Foo = Foo.create(0)
  │                                   ^ u256: Value => None

note: 
  ┌─ features/create_contract.fe:7:24
  │
7 │         let foo: Foo = Foo.create(0)
  │                        ^^^^^^^^^^^^^ Foo: Value => None

note: 
  ┌─ features/create_contract.fe:8:24
  │
8 │         return address(foo)
  │                        ^^^ Foo: Value => None

note: 
  ┌─ features/create_contract.fe:8:16
  │
8 │         return address(foo)
  │                ^^^^^^^^^^^^ address: Value => None

note: 
  ┌─ features/create_contract.fe:7:18
  │
7 │         let foo: Foo = Foo.create(0)
  │                  ^^^ Foo

note: 
  ┌─ features/create_contract.fe:7:24
  │
7 │         let foo: Foo = Foo.create(0)
  │                        ^^^^^^^^^^ attributes hash: 6749875126898824118
  │
  = TypeAttribute {
        typ: Contract(
            Contract {
                name: "Foo",
                id: ContractId(
                    0,
                ),
            },
        ),
        func_name: "create",
    }

note: 
  ┌─ features/create_contract.fe:8:16
  │
8 │         return address(foo)
  │                ^^^^^^^ attributes hash: 14203407709342965641
  │
  = TypeConstructor {
        typ: Base(
            Address,
        ),
    }


