---
source: crates/analyzer/tests/analysis.rs
expression: "build_snapshot(\"features/return_builtin_attributes.fe\", &src, module, &db)"

---
note: 
  ┌─ features/return_builtin_attributes.fe:2:5
  │  
2 │ ╭     pub fn coinbase() -> address:
3 │ │         return block.coinbase
  │ ╰─────────────────────────────^ attributes hash: 14219262914863437447
  │  
  = FunctionSignature {
        self_decl: None,
        params: [],
        return_type: Ok(
            Base(
                Address,
            ),
        ),
    }

note: 
  ┌─ features/return_builtin_attributes.fe:3:16
  │
3 │         return block.coinbase
  │                ^^^^^^^^^^^^^^ address: Value => None

note: 
  ┌─ features/return_builtin_attributes.fe:5:5
  │  
5 │ ╭     pub fn difficulty() -> u256:
6 │ │         return block.difficulty
  │ ╰───────────────────────────────^ attributes hash: 17979516652885443340
  │  
  = FunctionSignature {
        self_decl: None,
        params: [],
        return_type: Ok(
            Base(
                Numeric(
                    U256,
                ),
            ),
        ),
    }

note: 
  ┌─ features/return_builtin_attributes.fe:6:16
  │
6 │         return block.difficulty
  │                ^^^^^^^^^^^^^^^^ u256: Value => None

note: 
  ┌─ features/return_builtin_attributes.fe:8:5
  │  
8 │ ╭     pub fn number() -> u256:
9 │ │         return block.number
  │ ╰───────────────────────────^ attributes hash: 17979516652885443340
  │  
  = FunctionSignature {
        self_decl: None,
        params: [],
        return_type: Ok(
            Base(
                Numeric(
                    U256,
                ),
            ),
        ),
    }

note: 
  ┌─ features/return_builtin_attributes.fe:9:16
  │
9 │         return block.number
  │                ^^^^^^^^^^^^ u256: Value => None

note: 
   ┌─ features/return_builtin_attributes.fe:11:5
   │  
11 │ ╭     pub fn timestamp() -> u256:
12 │ │         return block.timestamp
   │ ╰──────────────────────────────^ attributes hash: 17979516652885443340
   │  
   = FunctionSignature {
         self_decl: None,
         params: [],
         return_type: Ok(
             Base(
                 Numeric(
                     U256,
                 ),
             ),
         ),
     }

note: 
   ┌─ features/return_builtin_attributes.fe:12:16
   │
12 │         return block.timestamp
   │                ^^^^^^^^^^^^^^^ u256: Value => None

note: 
   ┌─ features/return_builtin_attributes.fe:14:5
   │  
14 │ ╭     pub fn chainid() -> u256:
15 │ │         return chain.id
   │ ╰───────────────────────^ attributes hash: 17979516652885443340
   │  
   = FunctionSignature {
         self_decl: None,
         params: [],
         return_type: Ok(
             Base(
                 Numeric(
                     U256,
                 ),
             ),
         ),
     }

note: 
   ┌─ features/return_builtin_attributes.fe:15:16
   │
15 │         return chain.id
   │                ^^^^^^^^ u256: Value => None

note: 
   ┌─ features/return_builtin_attributes.fe:17:5
   │  
17 │ ╭     pub fn sender() -> address:
18 │ │         return msg.sender
   │ ╰─────────────────────────^ attributes hash: 14219262914863437447
   │  
   = FunctionSignature {
         self_decl: None,
         params: [],
         return_type: Ok(
             Base(
                 Address,
             ),
         ),
     }

note: 
   ┌─ features/return_builtin_attributes.fe:18:16
   │
18 │         return msg.sender
   │                ^^^^^^^^^^ address: Value => None

note: 
   ┌─ features/return_builtin_attributes.fe:20:5
   │  
20 │ ╭     pub fn value() -> u256:
21 │ │         return msg.value
   │ ╰────────────────────────^ attributes hash: 17979516652885443340
   │  
   = FunctionSignature {
         self_decl: None,
         params: [],
         return_type: Ok(
             Base(
                 Numeric(
                     U256,
                 ),
             ),
         ),
     }

note: 
   ┌─ features/return_builtin_attributes.fe:21:16
   │
21 │         return msg.value
   │                ^^^^^^^^^ u256: Value => None

note: 
   ┌─ features/return_builtin_attributes.fe:23:5
   │  
23 │ ╭     pub fn origin() -> address:
24 │ │         return tx.origin
   │ ╰────────────────────────^ attributes hash: 14219262914863437447
   │  
   = FunctionSignature {
         self_decl: None,
         params: [],
         return_type: Ok(
             Base(
                 Address,
             ),
         ),
     }

note: 
   ┌─ features/return_builtin_attributes.fe:24:16
   │
24 │         return tx.origin
   │                ^^^^^^^^^ address: Value => None

note: 
   ┌─ features/return_builtin_attributes.fe:26:5
   │  
26 │ ╭     pub fn gas_price() -> u256:
27 │ │         return tx.gas_price
   │ ╰───────────────────────────^ attributes hash: 17979516652885443340
   │  
   = FunctionSignature {
         self_decl: None,
         params: [],
         return_type: Ok(
             Base(
                 Numeric(
                     U256,
                 ),
             ),
         ),
     }

note: 
   ┌─ features/return_builtin_attributes.fe:27:16
   │
27 │         return tx.gas_price
   │                ^^^^^^^^^^^^ u256: Value => None


