---
source: crates/analyzer/tests/analysis.rs
expression: "build_snapshot(\"features/return_bool_false.fe\", &src, module, &db)"

---
note: 
  ┌─ features/return_bool_false.fe:2:5
  │  
2 │ ╭     pub fn bar() -> bool:
3 │ │         return false
  │ ╰────────────────────^ attributes hash: 9286995118813931448
  │  
  = FunctionSignature {
        params: [],
        return_type: Ok(
            Base(
                Bool,
            ),
        ),
    }

note: 
  ┌─ features/return_bool_false.fe:3:16
  │
3 │         return false
  │                ^^^^^ bool: Value => None


