---
source: crates/analyzer/tests/analysis.rs
expression: "build_snapshot(\"features/return_identity_u32.fe\", &src, module, &db)"

---
note: 
  ┌─ features/return_identity_u32.fe:2:5
  │  
2 │ ╭     pub fn bar(x: u32) -> u32:
3 │ │         return x
  │ ╰────────────────^ attributes hash: 2848779612042989975
  │  
  = FunctionSignature {
        self_decl: None,
        params: [
            FunctionParam {
                name: "x",
                typ: Ok(
                    Base(
                        Numeric(
                            U32,
                        ),
                    ),
                ),
            },
        ],
        return_type: Ok(
            Base(
                Numeric(
                    U32,
                ),
            ),
        ),
    }

note: 
  ┌─ features/return_identity_u32.fe:3:16
  │
3 │         return x
  │                ^ u32: Value => None


