---
source: crates/analyzer/tests/errors.rs
expression: "error_string(&path, &src)"

---
error: duplicate event names in `contract Foo`
  ┌─ compile_errors/duplicate_event_in_contract.fe:2:5
  │    
2 │ ╭       event MyEvent:
3 │ │           idx addr1: address
  │ ╰────────────────────────────^ `MyEvent` first defined here
4 │     
5 │   ╭     event MyEvent:
6 │   │         idx addr1: address
  │   ╰──────────────────────────' `MyEvent` redefined here


