---
source: crates/analyzer/tests/errors.rs
expression: "error_string(\"[snippet]\", &src)"

---
error: `balance_of` expects 1 argument, but 2 were provided
   ┌─ src/evm.fe:52:8
   │
52 │ pub fn balance_of(addr: address) -> u256:
   │        ^^^^^^^^^^ expects 1 argument
   │
   ┌─ [snippet]:3:24
   │
 3 │   std::evm::balance_of(address(0), 2)
   │                        ----------  - supplied 2 arguments


