---
source: crates/analyzer/tests/errors.rs
expression: "error_string(&path, test_files::fixture(path))"

---
error: duplicate function names in `contract Foo`
  ┌─ compile_errors/duplicate_method_in_contract.fe:3:5
  │    
3 │ ╭       pub fn bar():
4 │ │           pass
  │ ╰──────────────^ `bar` first defined here
5 │     
6 │   ╭     pub fn bar():
7 │   │         pass
  │   ╰────────────' `bar` redefined here


